// Jest Snapshot v1, https://goo.gl/fbAQLP

exports[`BlogEntry renders correctly 1`] = `
<p
  className="blog"
/>
`;
